[debug] [2026-08-10T16:56:20.871Z] ----------------------------------------------------------------------
[debug] [2026-08-10T16:56:20.872Z] Command:       /opt/homebrew/Cellar/node/25.2.1/bin/node /opt/homebrew/bin/firebase deploy --project project-maui
[debug] [2026-08-10T16:56:20.872Z] CLI Version:   15.0.0
[debug] [2026-08-10T16:56:20.872Z] Platform:      darwin
[debug] [2026-08-10T16:56:20.872Z] Node Version:  v25.2.1
[debug] [2026-08-10T16:56:20.873Z] Time:          Mon Aug 10 2026 09:56:20 GMT-0700 (Pacific Daylight Time)
[debug] [2026-08-10T16:56:20.873Z] ----------------------------------------------------------------------
[debug] 
[debug] [2026-08-10T16:56:21.328Z] > command requires scopes: ["email","openid","https://www.googleapis.com/auth/cloudplatformprojects.readonly","https://www.googleapis.com/auth/firebase","https://www.googleapis.com/auth/cloud-platform"]
[debug] [2026-08-10T16:56:21.328Z] > authorizing via FIREBASE_TOKEN environment variable
[warn] ⚠  Authenticating with `FIREBASE_TOKEN` is deprecated and will be removed in a future major version of `firebase-tools`. Instead, use a service account key with `GOOGLE_APPLICATION_CREDENTIALS`: https://cloud.google.com/docs/authentication/getting-started 
[debug] [2026-08-10T16:56:21.328Z] [iam] checking project project-maui for permissions ["firebase.projects.get","firebasehosting.sites.update"]
[debug] [2026-08-10T16:56:21.329Z] No OAuth tokens found
[debug] [2026-08-10T16:56:21.329Z] No OAuth tokens found
[debug] [2026-08-10T16:56:21.329Z] > refreshing access token with scopes: []
[debug] [2026-08-10T16:56:21.330Z] >>> [apiv2][query] POST https://www.googleapis.com/oauth2/v3/token [none]
[debug] [2026-08-10T16:56:21.330Z] >>> [apiv2][body] POST https://www.googleapis.com/oauth2/v3/token [omitted]
[debug] [2026-08-10T16:56:21.496Z] <<< [apiv2][status] POST https://www.googleapis.com/oauth2/v3/token 401
[debug] [2026-08-10T16:56:21.496Z] <<< [apiv2][body] POST https://www.googleapis.com/oauth2/v3/token [omitted]
[debug] [2026-08-10T16:56:21.496Z] >>> [apiv2][query] POST https://cloudresourcemanager.googleapis.com/v1/projects/project-maui:testIamPermissions [none]
[debug] [2026-08-10T16:56:21.496Z] >>> [apiv2][(partial)header] POST https://cloudresourcemanager.googleapis.com/v1/projects/project-maui:testIamPermissions x-goog-quota-user=projects/project-maui
[debug] [2026-08-10T16:56:21.496Z] >>> [apiv2][body] POST https://cloudresourcemanager.googleapis.com/v1/projects/project-maui:testIamPermissions {"permissions":["firebase.projects.get","firebasehosting.sites.update"]}
[debug] [2026-08-10T16:56:21.802Z] <<< [apiv2][status] POST https://cloudresourcemanager.googleapis.com/v1/projects/project-maui:testIamPermissions 200
[debug] [2026-08-10T16:56:21.802Z] <<< [apiv2][body] POST https://cloudresourcemanager.googleapis.com/v1/projects/project-maui:testIamPermissions {"permissions":["firebase.projects.get","firebasehosting.sites.update"]}
[debug] [2026-08-10T16:56:21.802Z] No OAuth tokens found
[debug] [2026-08-10T16:56:21.802Z] No OAuth tokens found
[debug] [2026-08-10T16:56:21.802Z] > refreshing access token with scopes: []
[debug] [2026-08-10T16:56:21.802Z] >>> [apiv2][query] POST https://www.googleapis.com/oauth2/v3/token [none]
[debug] [2026-08-10T16:56:21.802Z] >>> [apiv2][body] POST https://www.googleapis.com/oauth2/v3/token [omitted]
[debug] [2026-08-10T16:56:21.851Z] <<< [apiv2][status] POST https://www.googleapis.com/oauth2/v3/token 401
[debug] [2026-08-10T16:56:21.851Z] <<< [apiv2][body] POST https://www.googleapis.com/oauth2/v3/token [omitted]
[debug] [2026-08-10T16:56:21.851Z] >>> [apiv2][query] GET https://firebase.googleapis.com/v1beta1/projects/project-maui [none]
[debug] [2026-08-10T16:56:22.179Z] <<< [apiv2][status] GET https://firebase.googleapis.com/v1beta1/projects/project-maui 403
[debug] [2026-08-10T16:56:22.179Z] <<< [apiv2][body] GET https://firebase.googleapis.com/v1beta1/projects/project-maui {"error":{"code":403,"message":"Firebase Management API has not been used in project 681255809395 before or it is disabled. Enable it by visiting https://console.developers.google.com/apis/api/firebase.googleapis.com/overview?project=681255809395 then retry. If you enabled this API recently, wait a few minutes for the action to propagate to our systems and retry.","status":"PERMISSION_DENIED","details":[{"@type":"type.googleapis.com/google.rpc.ErrorInfo","reason":"SERVICE_DISABLED","domain":"googleapis.com","metadata":{"service":"firebase.googleapis.com","activationUrl":"https://console.developers.google.com/apis/api/firebase.googleapis.com/overview?project=681255809395","containerInfo":"681255809395","consumer":"projects/681255809395","serviceTitle":"Firebase Management API"}},{"@type":"type.googleapis.com/google.rpc.LocalizedMessage","locale":"en-US","message":"Firebase Management API has not been used in project 681255809395 before or it is disabled. Enable it by visiting https://console.developers.google.com/apis/api/firebase.googleapis.com/overview?project=681255809395 then retry. If you enabled this API recently, wait a few minutes for the action to propagate to our systems and retry."},{"@type":"type.googleapis.com/google.rpc.Help","links":[{"description":"Google developers console API activation","url":"https://console.developers.google.com/apis/api/firebase.googleapis.com/overview?project=681255809395"}]}]}}
[debug] [2026-08-10T16:56:22.180Z] Request to https://firebase.googleapis.com/v1beta1/projects/project-maui had HTTP Error: 403, Firebase Management API has not been used in project 681255809395 before or it is disabled. Enable it by visiting https://console.developers.google.com/apis/api/firebase.googleapis.com/overview?project=681255809395 then retry. If you enabled this API recently, wait a few minutes for the action to propagate to our systems and retry.
[debug] [2026-08-10T16:56:22.180Z] FirebaseError: Request to https://firebase.googleapis.com/v1beta1/projects/project-maui had HTTP Error: 403, Firebase Management API has not been used in project 681255809395 before or it is disabled. Enable it by visiting https://console.developers.google.com/apis/api/firebase.googleapis.com/overview?project=681255809395 then retry. If you enabled this API recently, wait a few minutes for the action to propagate to our systems and retry.
    at responseToError (/opt/homebrew/lib/node_modules/firebase-tools/lib/responseToError.js:53:12)
    at RetryOperation._fn (/opt/homebrew/lib/node_modules/firebase-tools/lib/apiv2.js:322:77)
    at process.processTicksAndRejections (node:internal/process/task_queues:103:5)
[error] 
[error] Error: Failed to get Firebase project project-maui. Please make sure the project exists and your account has permission to access it.
